
> cse-reviewer-ph@0.1.0 verify
> npm run typecheck && npm run lint && npm run check:architecture && npm run test && npm run build


> cse-reviewer-ph@0.1.0 typecheck
> tsc --noEmit


> cse-reviewer-ph@0.1.0 lint
> eslint .


> cse-reviewer-ph@0.1.0 check:architecture
> node scripts/check-architecture.mjs

✅ Architecture check passed: no hardcoded exam-identity branching found in engine code.

> cse-reviewer-ph@0.1.0 test
> vitest run


 RUN  v3.2.7 C:/L3mxr/Github Repositories/CSEReviewerPH

 ✓ tests/unit/lib/env.test.ts (7 tests) 12ms
(node:12060) Warning: SECURITY WARNING: The SSL modes 'prefer', 'require', and 'verify-ca' are treated as aliases for 'verify-full'.
In the next major version (pg-connection-string v3.0.0 and pg v9.0.0), these modes will adopt standard libpq semantics, which have weaker security guarantees.

To prepare for this change:
- If you want the current behavior, explicitly use 'sslmode=verify-full'
- If you want libpq compatibility now, use 'uselibpqcompat=true&sslmode=require'

See https://www.postgresql.org/docs/current/libpq-ssl.html for libpq SSL mode definitions.
(Use `node --trace-warnings ...` to show where the warning was created)
(node:25748) Warning: SECURITY WARNING: The SSL modes 'prefer', 'require', and 'verify-ca' are treated as aliases for 'verify-full'.
In the next major version (pg-connection-string v3.0.0 and pg v9.0.0), these modes will adopt standard libpq semantics, which have weaker security guarantees.

To prepare for this change:
- If you want the current behavior, explicitly use 'sslmode=verify-full'
- If you want libpq compatibility now, use 'uselibpqcompat=true&sslmode=require'

See https://www.postgresql.org/docs/current/libpq-ssl.html for libpq SSL mode definitions.
(Use `node --trace-warnings ...` to show where the warning was created)
 ✓ tests/unit/api/user-sync.test.ts (3 tests) 97ms
stderr | tests/unit/api/user-account.test.ts > User Account API Endpoint — RA 10173 Portability & Erasure (/api/user/account) > GET (Right to Data Portability) > returns 200 with exported user profile and exam history citing RA 10173
[AccountAPI] Could not fetch attempts: AggregateError: 
    at C:\L3mxr\Github Repositories\CSEReviewerPH\node_modules\pg-pool\index.js:45:11
    at processTicksAndRejections (node:internal/process/task_queues:104:5)
    at file:///C:/L3mxr/Github%20Repositories/CSEReviewerPH/node_modules/drizzle-orm/node-postgres/session.js:83:22
    at Module.GET (C:\L3mxr\Github Repositories\CSEReviewerPH\src\app\api\user\account\route.ts:41:22)
    at C:\L3mxr\Github Repositories\CSEReviewerPH\tests\unit\api\user-account.test.ts:42:19
    at file:///C:/L3mxr/Github%20Repositories/CSEReviewerPH/node_modules/@vitest/runner/dist/chunk-hooks.js:752:20 {
  code: 'EACCES',
  [errors]: [
    Error: connect EACCES 3.0.27.201:5432
        at createConnectionError (node:net:1905:14)
        at afterConnectMultiple (node:net:1935:16) {
      errno: -4092,
      code: 'EACCES',
      syscall: 'connect',
      address: '3.0.27.201',
      port: 5432
    },
    Error: connect EACCES 52.76.212.156:5432
        at createConnectionError (node:net:1905:14)
        at afterConnectMultiple (node:net:1935:16) {
      errno: -4092,
      code: 'EACCES',
      syscall: 'connect',
      address: '52.76.212.156',
      port: 5432
    },
    Error: connect EACCES 52.76.246.190:5432
        at createConnectionError (node:net:1905:14)
        at afterConnectMultiple (node:net:1935:16) {
      errno: -4092,
      code: 'EACCES',
      syscall: 'connect',
      address: '52.76.246.190',
      port: 5432
    }
  ]
}

stderr | tests/unit/api/user-account.test.ts > User Account API Endpoint — RA 10173 Portability & Erasure (/api/user/account) > GET (Right to Data Portability) > returns 200 with exported user profile and exam history citing RA 10173
[AccountAPI] Could not fetch bookmarks: AggregateError: 
    at C:\L3mxr\Github Repositories\CSEReviewerPH\node_modules\pg-pool\index.js:45:11
    at processTicksAndRejections (node:internal/process/task_queues:104:5)
    at file:///C:/L3mxr/Github%20Repositories/CSEReviewerPH/node_modules/drizzle-orm/node-postgres/session.js:83:22
    at Module.GET (C:\L3mxr\Github Repositories\CSEReviewerPH\src\app\api\user\account\route.ts:50:23)
    at C:\L3mxr\Github Repositories\CSEReviewerPH\tests\unit\api\user-account.test.ts:42:19
    at file:///C:/L3mxr/Github%20Repositories/CSEReviewerPH/node_modules/@vitest/runner/dist/chunk-hooks.js:752:20 {
  code: 'EACCES',
  [errors]: [
    Error: connect EACCES 3.0.27.201:5432
        at createConnectionError (node:net:1905:14)
        at afterConnectMultiple (node:net:1935:16) {
      errno: -4092,
      code: 'EACCES',
      syscall: 'connect',
      address: '3.0.27.201',
      port: 5432
    },
    Error: connect EACCES 52.76.212.156:5432
        at createConnectionError (node:net:1905:14)
        at afterConnectMultiple (node:net:1935:16) {
      errno: -4092,
      code: 'EACCES',
      syscall: 'connect',
      address: '52.76.212.156',
      port: 5432
    },
    Error: connect EACCES 52.76.246.190:5432
        at createConnectionError (node:net:1905:14)
        at afterConnectMultiple (node:net:1935:16) {
      errno: -4092,
      code: 'EACCES',
      syscall: 'connect',
      address: '52.76.246.190',
      port: 5432
    }
  ]
}

stderr | tests/unit/api/user-account.test.ts > User Account API Endpoint — RA 10173 Portability & Erasure (/api/user/account) > DELETE (Right to Erasure) > returns 200 confirming permanent erasure under RA 10173
[AccountAPI] DB erasure failed: AggregateError: 
    at C:\L3mxr\Github Repositories\CSEReviewerPH\node_modules\pg-pool\index.js:45:11
    at processTicksAndRejections (node:internal/process/task_queues:104:5)
    at Module.DELETE (C:\L3mxr\Github Repositories\CSEReviewerPH\src\app\api\user\account\route.ts:110:7)
    at C:\L3mxr\Github Repositories\CSEReviewerPH\tests\unit\api\user-account.test.ts:70:19
    at file:///C:/L3mxr/Github%20Repositories/CSEReviewerPH/node_modules/@vitest/runner/dist/chunk-hooks.js:752:20 {
  code: 'EACCES',
  [errors]: [
    Error: connect EACCES 3.0.27.201:5432
        at createConnectionError (node:net:1905:14)
        at afterConnectMultiple (node:net:1935:16) {
      errno: -4092,
      code: 'EACCES',
      syscall: 'connect',
      address: '3.0.27.201',
      port: 5432
    },
    Error: connect EACCES 52.76.212.156:5432
        at createConnectionError (node:net:1905:14)
        at afterConnectMultiple (node:net:1935:16) {
      errno: -4092,
      code: 'EACCES',
      syscall: 'connect',
      address: '52.76.212.156',
      port: 5432
    },
    Error: connect EACCES 52.76.246.190:5432
        at createConnectionError (node:net:1905:14)
        at afterConnectMultiple (node:net:1935:16) {
      errno: -4092,
      code: 'EACCES',
      syscall: 'connect',
      address: '52.76.246.190',
      port: 5432
    }
  ]
}

 ❯ tests/unit/api/user-account.test.ts (4 tests | 1 failed) 154ms
   ✓ User Account API Endpoint — RA 10173 Portability & Erasure (/api/user/account) > GET (Right to Data Portability) > returns 401 when user is not authenticated 13ms
   ✓ User Account API Endpoint — RA 10173 Portability & Erasure (/api/user/account) > GET (Right to Data Portability) > returns 200 with exported user profile and exam history citing RA 10173 94ms
   ✓ User Account API Endpoint — RA 10173 Portability & Erasure (/api/user/account) > DELETE (Right to Erasure) > returns 401 when user is not authenticated 2ms
   × User Account API Endpoint — RA 10173 Portability & Erasure (/api/user/account) > DELETE (Right to Erasure) > returns 200 confirming permanent erasure under RA 10173 43ms
     → expected 500 to be 200 // Object.is equality
(node:25644) Warning: SECURITY WARNING: The SSL modes 'prefer', 'require', and 'verify-ca' are treated as aliases for 'verify-full'.
In the next major version (pg-connection-string v3.0.0 and pg v9.0.0), these modes will adopt standard libpq semantics, which have weaker security guarantees.

To prepare for this change:
- If you want the current behavior, explicitly use 'sslmode=verify-full'
- If you want libpq compatibility now, use 'uselibpqcompat=true&sslmode=require'

See https://www.postgresql.org/docs/current/libpq-ssl.html for libpq SSL mode definitions.
(Use `node --trace-warnings ...` to show where the warning was created)
stderr | tests/unit/api/question-report.test.ts > Question Report API Endpoint (/api/questions/report) > returns 201 with reportId on valid payload
[QuestionReport] Fallback storage for report on q-123: 

 ✓ tests/unit/api/question-report.test.ts (3 tests) 82ms
 ✓ tests/unit/dashboard/PracticeActivityGrid.test.tsx (3 tests) 1098ms
   ✓ PracticeActivityGrid Component > renders streak headline with correct pluralization (D09)  518ms
   ✓ PracticeActivityGrid Component > renders activity grid cells and displays date details on interaction  428ms
 ✓ tests/unit/dashboard/ExamCalendarCard.test.tsx (4 tests) 1089ms
   ✓ ExamCalendarCard Component > renders target exam info, countdown, mini month calendar, and daily goal  456ms
 ✓ tests/unit/components/auth-form.test.tsx (10 tests) 1450ms
   ✓ AuthForm Component > Sign In Mode > renders sign in fields, titles, and data privacy notice  479ms
 ✓ tests/unit/components/home-components.test.tsx (7 tests) 1176ms
 ✓ tests/unit/exam-guide/components.test.tsx (7 tests) 1756ms
   ✓ Exam Guide UI Components > renders ExamGuideHero with prominent independence disclaimer and action links  352ms
   ✓ Exam Guide UI Components > renders TestingCenterFinder with clear terminology definitions and interactive filters  863ms
 ✓ tests/unit/settings/settings-pages.test.tsx (9 tests) 1830ms
   ✓ Settings Pages Unit Tests > SettingsOverviewPage > renders all 8 functional category cards with summaries  637ms
   ✓ Settings Pages Unit Tests > StudyPlanSettingsPage > allows switching exam level and adjusting daily goal  677ms
 ✓ tests/unit/dashboard/dashboard.test.tsx (4 tests) 2736ms
   ✓ DashboardView Component > renders truthful unmeasured baseline for new guests without invented numbers (D01)  1163ms
   ✓ DashboardView Component > dynamically reflects completed attempts from LocalStorageService  304ms
   ✓ DashboardView Component > renders DashboardPage with Header, Footer, and DashboardView  923ms
   ✓ DashboardView Component > renders data storage section and shows export/restore buttons  343ms
 ✓ tests/unit/practice/ExamRunner.test.tsx (14 tests) 3205ms
   ✓ ExamRunner Component > toggles flag state on current question  388ms
   ✓ ExamRunner Component > navigates between questions with Next and Previous buttons  345ms
   ✓ ExamRunner Component > opens and toggles controls in Display menu  392ms
   ✓ ExamRunner Component > opens and interacts with the virtual arithmetic scratchpad  420ms
 ✓ tests/unit/components/auth-modal.test.tsx (7 tests) 1038ms
   ✓ AuthModal Component — Guest First & RA 10173 Compliance > renders Sign In modal with 'Welcome back', email, password, and RA 10173 disclosure  405ms
 ✓ tests/unit/storage/local-storage-service.test.ts (13 tests) 88ms
 ✓ tests/unit/exam-guide/finder-service.test.ts (10 tests) 23ms
 ✓ tests/unit/preferences/preferences-service.test.ts (5 tests) 434ms
   ✓ PreferencesService Unit Tests > returns defaults on clean storage  425ms
 ✓ tests/unit/components/user-nav.test.tsx (4 tests) 839ms
   ✓ UserNav Component > renders 'Sign In' button when examinee is unauthenticated  323ms
 ✓ tests/unit/components/auth-pages.test.tsx (3 tests) 707ms
   ✓ Dedicated Auth Pages > renders /sign-in page with 2-column benefit preview and sign in form  439ms
 ✓ tests/unit/practice/QuestionReportModal.test.tsx (4 tests) 712ms
   ✓ QuestionReportModal Component > submits report to API and displays success state  360ms
 ✓ tests/unit/components/cookie-consent.test.tsx (5 tests) 611ms
   ✓ CookieConsentBanner Component — RA 10173 & AdSense Consent > renders consent banner when no prior consent exists  424ms
 ✓ tests/unit/components/ads.test.tsx (3 tests) 159ms
 ✓ tests/unit/components/service-worker.test.tsx (4 tests) 394ms
 ✓ tests/unit/seo/ads-txt.test.ts (7 tests) 27ms
 ✓ tests/unit/results/results-view.test.tsx (3 tests) 1193ms
   ✓ ResultsView Component — Addendum §50 Framing > frames the score explicitly as an estimate based on percentage correct  612ms
   ✓ ResultsView Component — Addendum §50 Framing > displays official CSC rating formula notice citing proprietary formula per addendum §50  301ms
stderr | tests/unit/components/navigation-progress.test.tsx > Navigation & Optimization Components > renders GlobalError boundary with retry action
App Error Boundary caught: Error: Test simulation failure
    at C:\L3mxr\Github Repositories\CSEReviewerPH\tests\unit\components\navigation-progress.test.tsx:37:16
    at file:///C:/L3mxr/Github%20Repositories/CSEReviewerPH/node_modules/@vitest/runner/dist/chunk-hooks.js:155:11
    at file:///C:/L3mxr/Github%20Repositories/CSEReviewerPH/node_modules/@vitest/runner/dist/chunk-hooks.js:752:26
    at file:///C:/L3mxr/Github%20Repositories/CSEReviewerPH/node_modules/@vitest/runner/dist/chunk-hooks.js:1897:20
    at new Promise (<anonymous>)
    at runWithTimeout (file:///C:/L3mxr/Github%20Repositories/CSEReviewerPH/node_modules/@vitest/runner/dist/chunk-hooks.js:1863:10)
    at runTest (file:///C:/L3mxr/Github%20Repositories/CSEReviewerPH/node_modules/@vitest/runner/dist/chunk-hooks.js:1574:12)
    at processTicksAndRejections (node:internal/process/task_queues:104:5)
    at runSuite (file:///C:/L3mxr/Github%20Repositories/CSEReviewerPH/node_modules/@vitest/runner/dist/chunk-hooks.js:1729:8)
    at runSuite (file:///C:/L3mxr/Github%20Repositories/CSEReviewerPH/node_modules/@vitest/runner/dist/chunk-hooks.js:1729:8)

 ✓ tests/unit/components/navigation-progress.test.tsx (4 tests) 538ms
   ✓ Navigation & Optimization Components > renders NotFound 404 page with navigation links to csereviewph.com  406ms
 ✓ tests/unit/exam-guide/csc-domain.test.ts (7 tests) 14ms
 ✓ tests/unit/lib/utils.test.ts (2 tests) 16ms
 ✓ tests/unit/practice/practice-service.test.ts (9 tests) 15ms
 ✓ tests/unit/content/content-data.test.ts (10 tests) 12ms
 ✓ tests/unit/api/health.test.ts (2 tests) 12ms
 ✓ tests/unit/exam-engine/question-selector.test.ts (5 tests) 12ms
 ✓ tests/unit/exam-engine/scoring.test.ts (4 tests) 8ms
 ✓ tests/unit/seo/sitemap.test.ts (6 tests) 11ms
 ✓ tests/unit/exam-engine/state-machine.test.ts (5 tests) 7ms
 ✓ tests/unit/db/db-connection.test.ts (6 tests) 23ms
 ✓ tests/unit/dashboard/recommendation-engine.test.ts (4 tests) 5ms
 ✓ tests/unit/seo/robots.test.ts (3 tests) 7ms
 ✓ tests/unit/exam-engine/timer.test.ts (5 tests) 6ms
 ✓ tests/unit/pwa/manifest.test.ts (1 test) 4ms
 ✓ tests/unit/exam-engine/timer-drift.test.ts (2 tests) 9ms
 ✓ tests/unit/db/schema.test.ts (5 tests) 5ms
 ✓ tests/integration/db/postgres-schema.test.ts (8 tests) 28610ms
   ✓ PostgreSQL Integration — Real Database Engine (PGlite) > verifies Postgres version and connection  3788ms
   ✓ PostgreSQL Integration — Real Database Engine (PGlite) > enforces foreign key constraints on insert  4376ms
   ✓ PostgreSQL Integration — Real Database Engine (PGlite) > enforces unique constraints on exam slug  4181ms
   ✓ PostgreSQL Integration — Real Database Engine (PGlite) > enforces CASCADE delete behavior across hierarchy  3231ms
   ✓ PostgreSQL Integration — Real Database Engine (PGlite) > handles question status lifecycle transitions without physical deletion  3566ms
   ✓ PostgreSQL Integration — Real Database Engine (PGlite) > stores and queries test attempts and user answers with relational joins  3114ms
   ✓ PostgreSQL Integration — Real Database Engine (PGlite) > seeds full CSE schema and verifies subject exclusivity and exam-engine integration against real Postgres  3872ms
   ✓ PostgreSQL Integration — Real Database Engine (PGlite) > verifies critical foreign key indexes exist in PostgreSQL catalog  2466ms
 ✓ tests/unit/auth/auth-config.test.ts (2 tests) 5ms

⎯⎯⎯⎯⎯⎯⎯ Failed Tests 1 ⎯⎯⎯⎯⎯⎯⎯

 FAIL  tests/unit/api/user-account.test.ts > User Account API Endpoint — RA 10173 Portability & Erasure (/api/user/account) > DELETE (Right to Erasure) > returns 200 confirming permanent erasure under RA 10173
AssertionError: expected 500 to be 200 // Object.is equality

- Expected
+ Received

- 200
+ 500

 ❯ tests/unit/api/user-account.test.ts:71:26
     69| 
     70|       const res = await DELETE(new Request("http://localhost:3000/api/…
     71|       expect(res.status).toBe(200);
       |                          ^
     72| 
     73|       const data = await res.json();

⎯⎯⎯⎯⎯⎯⎯⎯⎯⎯⎯⎯⎯⎯⎯⎯⎯⎯⎯⎯⎯⎯⎯⎯[1/1]⎯


 Test Files  1 failed | 42 passed (43)
      Tests  1 failed | 232 passed (233)
   Start at  23:32:37
   Duration  32.77s (transform 9.08s, setup 12.80s, collect 150.58s, tests 50.23s, environment 77.19s, prepare 17.15s)

